---
source: crates/lyra-agent-reader/tests/golden_html.rs
expression: normalize_snapshot_text(&result.markdown_with_citations)
---
# Deep Nested Layout

Real pages often hide the article behind many layout containers and utility wrappers.

## Nested Section

The extractor should travel through harmless wrappers and keep semantic text.

A deeply nested source link should still be normalized.


## References
[1] source link — https://example.test/nested-source
