---
source: crates/lyra-agent-reader/tests/golden_html.rs
expression: "serde_json::to_string_pretty(&stable_summary(&result)).expect(\"summary json\")"
---
{
  "chunkCount": 1,
  "extractionMethod": "readability",
  "fallbackUsed": false,
  "format": "html",
  "hasImagesFooter": true,
  "hasReferencesFooter": false,
  "imageCount": 2,
  "linkCount": 0,
  "title": "Image Gallery Field Notes",
  "warningCodes": []
}
