---
source: crates/lyra-agent-reader/tests/golden_html.rs
expression: normalize_snapshot_text(&result.markdown_with_citations)
---
# Multilingual Reader Notes

This fixture uses short translated phrases while staying ASCII-only for repository consistency.

## English

The reader should keep the main explanation and preserve section headings.

## Spanish

Hola mundo. La pagina describe una herramienta de lectura para agentes.

## French

Bonjour le monde. La page garde des paragraphes courts et lisibles.
