---
source: crates/lyra-agent-reader/tests/golden_html.rs
expression: normalize_snapshot_text(&result.markdown_with_citations)
---
# Reader Tool Comparison

This synthetic comparison page mixes prose, links, and a dense feature table.

| Tool | HTML | PDF | Browser | Notes |
| --- | --- | --- | --- | --- |
| Lyra Reader | Yes | Yes | Optional | Agent-oriented chunks |
| Plain Fetch | Partial | No | No | Text only |
| Browser Snapshot | Yes | No | Yes | Rendered state |

Comparison pages are useful because tables should survive markdown conversion.
