---
source: crates/lyra-agent-reader/tests/golden_html.rs
expression: normalize_snapshot_text(&result.markdown_with_citations)
---
# Malformed Fixture

This page intentionally omits several closing tags so the parser must recover.

## Recovered Section

The reader should still emit useful markdown even when the source markup is imperfect.

- First recovered list item
- Second recovered list item with a recovered link


## References
[1] a recovered link — https://example.test/broken
