---
source: crates/lyra-agent-reader/tests/golden_html.rs
expression: normalize_snapshot_text(&result.markdown_with_citations)
---
# Reader API

The reader converts supported inputs into markdown, metadata, chunks, and warnings for agents.

## read\_html

Use `read_html` when the caller already has a trusted HTML string.

```rust
let result = read_html(html, Some(base_url), &options)?;
```

## Options

Options control extraction mode, link retention, image retention, chunking, and query focus.

| Option | Purpose |
| --- | --- |
| target\_selector | Limit rendering to one CSS selector. |
| remove\_selectors | Remove page noise before extraction. |
