---
source: crates/lyra-tool-fs-core/tests/tool_discovery_snapshots.rs
expression: pretty(&snapshot)
---
{
  "browser": {
    "domain": null,
    "fallbackListPath": "/tools/browser",
    "query": "browser brower 浏览器操作",
    "recommendedNextAction": "Use the highest ranked result when it matches the task; otherwise refine the search query or call tool_fs_list as a fallback.",
    "scene": "browser",
    "topResults": [
      {
        "domain": "browser",
        "handle": "browser_interact",
        "matchReason": "path fuzzy match; handle fuzzy match; title fuzzy match; aliases fuzzy match; examples fuzzy match; description fuzzy match; tags fuzzy match; schema fuzzy match; browser-interact intent boost",
        "matchedFields": [
          "path",
          "handle",
          "title",
          "aliases",
          "examples",
          "description",
          "tags",
          "schema"
        ],
        "miniSchemaParameterNames": [
          "actions",
          "baselineSnapshotId",
          "cacheMode",
          "extract",
          "tabId",
          "targetMode",
          "useFrameworkRouter",
          "workflowId"
        ],
        "miniSchemaRequired": [
          "actions"
        ],
        "operation": "interact",
        "path": "/tools/browser/interact",
        "runHint": "tool_fs_run with toolHandle: browser_interact; operation: interact; provide args matching miniSchema.",
        "score": 97.33,
        "summary": "Run a short declarative action sequence (navigate, wait, click, scroll, type) then extract read/map in one call.",
        "title": "Browser interact"
      },
      {
        "domain": "browser",
        "handle": "browser_find",
        "matchReason": "path fuzzy match; handle fuzzy match; title fuzzy match; aliases fuzzy match; examples fuzzy match; summary fuzzy match; description fuzzy match; tags fuzzy match; schema fuzzy match",
        "matchedFields": [
          "path",
          "handle",
          "title",
          "aliases",
          "examples",
          "summary",
          "description",
          "tags",
          "schema"
        ],
        "miniSchemaParameterNames": [
          "activeIndex",
          "amount",
          "autoMap",
          "behavior",
          "block",
          "caseSensitive",
          "containerRef",
          "direction",
          "effect",
          "elementId",
          "matchMode",
          "maxMatches"
        ],
        "miniSchemaRequired": [],
        "operation": "find",
        "path": "/tools/browser/find",
        "runHint": "tool_fs_run with toolHandle: browser_find; operation: find; provide args matching miniSchema.",
        "score": 79.67,
        "summary": "Search text within a browser page and optionally reveal the selected match.",
        "title": "Find in browser page"
      },
      {
        "domain": "browser",
        "handle": "browser_locate",
        "matchReason": "path fuzzy match; handle fuzzy match; title fuzzy match; aliases fuzzy match; examples fuzzy match; summary fuzzy match; description fuzzy match; tags fuzzy match; schema fuzzy match",
        "matchedFields": [
          "path",
          "handle",
          "title",
          "aliases",
          "examples",
          "summary",
          "description",
          "tags",
          "schema"
        ],
        "miniSchemaParameterNames": [
          "activeIndex",
          "amount",
          "autoMap",
          "behavior",
          "block",
          "caseSensitive",
          "containerRef",
          "direction",
          "effect",
          "elementId",
          "matchMode",
          "maxMatches"
        ],
        "miniSchemaRequired": [],
        "operation": "locate",
        "path": "/tools/browser/locate",
        "runHint": "tool_fs_run with toolHandle: browser_locate; operation: locate; provide args matching miniSchema.",
        "score": 79.67,
        "summary": "Find or semantically locate text on a browser page, reveal it, and map nearby controls.",
        "title": "Locate browser page section"
      }
    ],
    "total": 46
  },
  "code": {
    "domain": null,
    "fallbackListPath": "/tools",
    "query": "改代码 修改文件 apply patch",
    "recommendedNextAction": "Use edit_file to modify an existing file or write_file to create or replace a file. These are direct provider tools, not Tool-FS capabilities.",
    "scene": "project-code",
    "topResults": [],
    "total": 0
  },
  "git": {
    "domain": null,
    "fallbackListPath": "/tools/computer",
    "query": "查看 git diff 代码变更",
    "recommendedNextAction": "Use the highest ranked result when it matches the task; otherwise refine the search query or call tool_fs_list as a fallback.",
    "scene": "git",
    "topResults": [
      {
        "domain": "shell",
        "handle": "exec_command",
        "matchReason": "bounded-shell intent boost",
        "matchedFields": [],
        "miniSchemaParameterNames": [
          "command",
          "cwd",
          "description",
          "maxOutputBytes",
          "runInBackground",
          "timeoutMs",
          "workingDir"
        ],
        "miniSchemaRequired": [
          "command"
        ],
        "operation": "run",
        "path": "/tools/shell/run",
        "runHint": "tool_fs_run with toolHandle: exec_command; operation: run; provide args matching miniSchema.",
        "score": 44.0,
        "summary": "Run a bounded shell command for inspection, tests, builds, or validation.",
        "title": "Run shell command"
      },
      {
        "domain": "computer",
        "handle": "computer_diff",
        "matchReason": "path fuzzy match; handle fuzzy match; title fuzzy match; aliases fuzzy match; examples fuzzy match; summary fuzzy match; description fuzzy match; tags fuzzy match; schema fuzzy match",
        "matchedFields": [
          "path",
          "handle",
          "title",
          "aliases",
          "examples",
          "summary",
          "description",
          "tags",
          "schema"
        ],
        "miniSchemaParameterNames": [
          "baselineSnapshotId",
          "maxNodes",
          "osRef",
          "strategy"
        ],
        "miniSchemaRequired": [],
        "operation": "diff",
        "path": "/tools/computer/diff",
        "runHint": "tool_fs_run with toolHandle: computer_diff; operation: diff; provide args matching miniSchema.",
        "score": 37.13,
        "summary": "Re-read a desktop node by osRef, or compute the observation diff (added/removed/changed) against an earlier computer.map snapshot.",
        "title": "Diff computer accessibility state"
      },
      {
        "domain": "skills",
        "handle": null,
        "matchReason": "path fuzzy match; title fuzzy match; aliases fuzzy match; examples fuzzy match; summary fuzzy match; description fuzzy match; tags fuzzy match",
        "matchedFields": [
          "path",
          "title",
          "aliases",
          "examples",
          "summary",
          "description",
          "tags"
        ],
        "miniSchemaParameterNames": [],
        "miniSchemaRequired": [],
        "operation": "install_git",
        "path": "/tools/skills/install_git",
        "runHint": "tool_fs_run with path: /tools/skills/install_git; operation: install_git; provide args matching miniSchema.",
        "score": 29.7,
        "summary": "Install a Lyra skill from a Git repository URL with optional ref and subdir.",
        "title": "Install Git skill"
      }
    ],
    "total": 33
  },
  "terminal": {
    "domain": null,
    "fallbackListPath": "/tools/workbench",
    "query": "terminal shell 终端 跑测试",
    "recommendedNextAction": "Use the highest ranked result when it matches the task; otherwise refine the search query or call tool_fs_list as a fallback.",
    "scene": "terminal",
    "topResults": [
      {
        "domain": "shell",
        "handle": "exec_command",
        "matchReason": "path fuzzy match; title fuzzy match; aliases fuzzy match; examples fuzzy match; summary fuzzy match; description fuzzy match; tags fuzzy match; schema fuzzy match; bounded-shell intent boost",
        "matchedFields": [
          "path",
          "title",
          "aliases",
          "examples",
          "summary",
          "description",
          "tags",
          "schema"
        ],
        "miniSchemaParameterNames": [
          "command",
          "cwd",
          "description",
          "maxOutputBytes",
          "runInBackground",
          "timeoutMs",
          "workingDir"
        ],
        "miniSchemaRequired": [
          "command"
        ],
        "operation": "run",
        "path": "/tools/shell/run",
        "runHint": "tool_fs_run with toolHandle: exec_command; operation: run; provide args matching miniSchema.",
        "score": 79.78,
        "summary": "Run a bounded shell command for inspection, tests, builds, or validation.",
        "title": "Run shell command"
      },
      {
        "domain": "terminal",
        "handle": "terminal_list",
        "matchReason": "path fuzzy match; handle fuzzy match; title fuzzy match; aliases fuzzy match; examples fuzzy match; summary fuzzy match; description fuzzy match; tags fuzzy match; schema fuzzy match",
        "matchedFields": [
          "path",
          "handle",
          "title",
          "aliases",
          "examples",
          "summary",
          "description",
          "tags",
          "schema"
        ],
        "miniSchemaParameterNames": [
          "input",
          "sessionId",
          "timeoutMs"
        ],
        "miniSchemaRequired": [],
        "operation": "list",
        "path": "/tools/terminal/list",
        "runHint": "tool_fs_run with toolHandle: terminal_list; operation: list; provide args matching miniSchema.",
        "score": 51.85,
        "summary": "List terminal sessions",
        "title": "List terminal sessions"
      },
      {
        "domain": "terminal",
        "handle": "terminal_read",
        "matchReason": "path fuzzy match; handle fuzzy match; title fuzzy match; aliases fuzzy match; examples fuzzy match; summary fuzzy match; description fuzzy match; tags fuzzy match; schema fuzzy match",
        "matchedFields": [
          "path",
          "handle",
          "title",
          "aliases",
          "examples",
          "summary",
          "description",
          "tags",
          "schema"
        ],
        "miniSchemaParameterNames": [
          "input",
          "sessionId",
          "timeoutMs"
        ],
        "miniSchemaRequired": [],
        "operation": "read",
        "path": "/tools/terminal/read",
        "runHint": "tool_fs_run with toolHandle: terminal_read; operation: read; provide args matching miniSchema.",
        "score": 51.85,
        "summary": "Read terminal output",
        "title": "Read terminal output"
      }
    ],
    "total": 28
  }
}
