---
source: crates/lyra-tool-fs-core/tests/tool_discovery_snapshots.rs
expression: pretty(&snapshot)
---
{
  "browser": {
    "domain": null,
    "fallbackListPath": "/tools/browser",
    "query": "browser brower 浏览器操作",
    "recommendedNextAction": "No strong Tool-FS search result matched. Call tool_fs_list with /tools/browser, then inspect a concrete /tools path.",
    "scene": "browser",
    "topResults": [],
    "total": 0
  },
  "code": {
    "domain": null,
    "fallbackListPath": "/tools",
    "query": "改代码 修改文件 apply patch",
    "recommendedNextAction": "Use edit_file to modify an existing file or write_file to create or replace a file. These are direct provider tools, not Tool-FS capabilities.",
    "scene": "project-code",
    "topResults": [],
    "total": 0
  },
  "git": {
    "domain": null,
    "fallbackListPath": "/tools/computer",
    "query": "查看 git diff 代码变更",
    "recommendedNextAction": "Use the highest ranked result when it matches the task; otherwise refine the search query or call tool_fs_list as a fallback.",
    "scene": "git",
    "topResults": [
      {
        "domain": "skills",
        "handle": null,
        "matchReason": "bm25",
        "matchedFields": [
          "bm25"
        ],
        "miniSchemaParameterNames": [],
        "miniSchemaRequired": [],
        "operation": "install_git",
        "path": "/tools/skills/install_git",
        "runHint": "tool_fs_run with path: /tools/skills/install_git; operation: install_git; provide args matching miniSchema.",
        "score": 1.0,
        "summary": "Install a Lyra skill from a Git repository URL with optional ref and subdir.",
        "title": "Install Git skill"
      }
    ],
    "total": 1
  },
  "terminal": {
    "domain": null,
    "fallbackListPath": "/tools/workbench",
    "query": "terminal shell 终端 跑测试",
    "recommendedNextAction": "Use the highest ranked result when it matches the task; otherwise refine the search query or call tool_fs_list as a fallback.",
    "scene": "terminal",
    "topResults": [
      {
        "domain": "workbench",
        "handle": "workbench_capture_visual_evidence",
        "matchReason": "bm25",
        "matchedFields": [
          "bm25"
        ],
        "miniSchemaParameterNames": [
          "scope",
          "tabId"
        ],
        "miniSchemaRequired": [],
        "operation": "capture_visual_evidence",
        "path": "/tools/workbench/capture_visual_evidence",
        "runHint": "tool_fs_run with toolHandle: workbench_capture_visual_evidence; operation: capture_visual_evidence; provide args matching miniSchema.",
        "score": 1.0,
        "summary": "Capture visible Lyra workspace visual evidence for model vision. Omit args to capture the active browser page when one is showing. Use scope=active_tab for that tab's pixels; use scope=workspace_window for the Lyra window (including the webpage BrowserView, not just the loading shell).",
        "title": "Capture workspace visual evidence"
      }
    ],
    "total": 1
  }
}
