---
source: crates/lyra-tool-fs-core/tests/tool_discovery_snapshots.rs
expression: pretty(&snapshot)
---
{
  "browser": {
    "directories": [],
    "hasMore": true,
    "kind": "tool_fs_directory",
    "page": 0,
    "pageSize": 5,
    "path": "/tools/browser",
    "tools": [
      {
        "domain": "browser",
        "handle": "browser_map",
        "operation": "map",
        "path": "/tools/browser/map",
        "permissionPolicy": "runtime_policy",
        "recommendedNextAction": "Call tool_fs_run when this compact entry is enough; call tool_fs_inspect for the full input schema, examples, aliases, or long description.",
        "riskLevel": "read",
        "runHint": "tool_fs_run with toolHandle: browser_map; operation: map; provide args matching miniSchema.",
        "summary": "Map actionable elements the user can operate — current window first, then controls that need a scroll. Nested chrome is collapsed to the button itself.",
        "title": "Map browser page"
      },
      {
        "domain": "browser",
        "handle": "browser_read",
        "operation": "read",
        "path": "/tools/browser/read",
        "permissionPolicy": "runtime_policy",
        "recommendedNextAction": "Call tool_fs_run when this compact entry is enough; call tool_fs_inspect for the full input schema, examples, aliases, or long description.",
        "riskLevel": "read",
        "runHint": "tool_fs_run with toolHandle: browser_read; operation: read; provide args matching miniSchema.",
        "summary": "Read page text, search in-page text, or return a JSON schema hint for structured extraction.",
        "title": "Read browser page"
      },
      {
        "domain": "browser",
        "handle": null,
        "operation": "act",
        "path": "/tools/browser/act",
        "permissionPolicy": "runtime_policy",
        "recommendedNextAction": "Call tool_fs_run when this compact entry is enough; call tool_fs_inspect for the full input schema, examples, aliases, or long description.",
        "riskLevel": "browser",
        "runHint": "tool_fs_run with path: /tools/browser/act; operation: act; provide args matching miniSchema.",
        "summary": "Click or hover a browser target. Off-screen targetRefs are scrolled into view first.",
        "title": "Act in browser"
      },
      {
        "domain": "browser",
        "handle": null,
        "operation": "detect_qr",
        "path": "/tools/browser/detect_qr",
        "permissionPolicy": "runtime_policy",
        "recommendedNextAction": "Call tool_fs_run when this compact entry is enough; call tool_fs_inspect for the full input schema, examples, aliases, or long description.",
        "riskLevel": "read",
        "runHint": "tool_fs_run with path: /tools/browser/detect_qr; operation: detect_qr; provide args matching miniSchema.",
        "summary": "Capture the current browser viewport and detect QR codes with device-pixel bounds, optional QR-only crops, and vact-compatible captureId.",
        "title": "Detect browser QR codes"
      },
      {
        "domain": "browser",
        "handle": null,
        "operation": "elevate",
        "path": "/tools/browser/elevate",
        "permissionPolicy": "ask_on_risk",
        "recommendedNextAction": "Call tool_fs_run when this compact entry is enough; call tool_fs_inspect for the full input schema, examples, aliases, or long description.",
        "riskLevel": "browser",
        "runHint": "tool_fs_run with path: /tools/browser/elevate; operation: elevate; provide args matching miniSchema.",
        "summary": "Elevate an isolated browser task.",
        "title": "Elevate browser task"
      }
    ],
    "total": 12
  },
  "filesystem": {
    "directories": [],
    "hasMore": false,
    "kind": "tool_fs_directory",
    "page": 0,
    "pageSize": 5,
    "path": "/tools/filesystem",
    "tools": [
      {
        "domain": "filesystem",
        "handle": "list_files",
        "operation": "list",
        "path": "/tools/filesystem/list_files",
        "permissionPolicy": "runtime_policy",
        "recommendedNextAction": "Call tool_fs_run when this compact entry is enough; call tool_fs_inspect for the full input schema, examples, aliases, or long description.",
        "riskLevel": "read",
        "runHint": "tool_fs_run with toolHandle: list_files; operation: list; provide args matching miniSchema.",
        "summary": "List files in a directory.",
        "title": "List directory"
      }
    ],
    "total": 1
  }
}
